
--- Data validation: original_paper_subset (4 assets, 240 rows) ---
dataset: original_paper_subset (4 assets, 240 rows)
shape: (240, 4)
columns: ['AAPL', 'EFA', 'GLD', 'IWM']
start_date: 2024-09-16 00:00:00
end_date: 2025-08-29 00:00:00
min_return: -0.09701351036916162
max_return: 0.14261761513216165
mean_return: 0.0005964860646363016
std_return: 0.014725782656682158
num_nan: 0
num_inf: 0
Validation OK.
Split: train (144, 4), val (48, 4), test (48, 4)
epoch 1: mean critic loss 0.2130
epoch 2: mean critic loss 0.2028
epoch 3: mean critic loss 0.1956
epoch 4: mean critic loss 0.1869
epoch 5: mean critic loss 0.1861
epoch 6: mean critic loss 0.1705

What correlates with critic-loss spikes:
    quantity  corr_with_critic_loss
     q_value                  0.901
abs_target_q                  0.126
    noise_l2                  0.111
alloc_spread                 -0.104
  abs_reward                  0.074

Wrote internal_diagnostics.png and internal_jaggedness_drivers.png
