
--- Data validation: original_paper_subset (4 assets, 240 rows) ---
dataset: original_paper_subset (4 assets, 240 rows)
shape: (240, 4)
columns: ['AAPL', 'EFA', 'GLD', 'IWM']
start_date: 2024-09-16 00:00:00
end_date: 2025-08-29 00:00:00
min_return: -0.09701351036916162
max_return: 0.14261761513216165
mean_return: 0.0005964860646363016
std_return: 0.014725782656682158
num_nan: 0
num_inf: 0
Validation OK.
Split: train (144, 4), val (48, 4), test (48, 4)

=== A. Reproducibility (same seed 68, run twice) ===
Classical DDPG                 run1=3.150824 run2=3.150824 |diff|=0.00e+00  DETERMINISTIC
Classical Deep Q-Learning      run1=-0.974783 run2=-0.974783 |diff|=0.00e+00  DETERMINISTIC
PennyLane QDPG                 run1=0.840228 run2=0.840228 |diff|=0.00e+00  DETERMINISTIC
PennyLane Quantum Q-Learning   run1=0.940100 run2=0.940100 |diff|=0.00e+00  DETERMINISTIC

=== B. Stability across 5 seeds ===
  Classical DDPG: done 5 seeds
  Classical Deep Q-Learning: done 5 seeds
  PennyLane QDPG: done 5 seeds
  PennyLane Quantum Q-Learning: done 5 seeds

                       model  n  sharpe_mean  sharpe_std    cv  ci95_halfwidth  sharpe_min  sharpe_max
              Classical DDPG  5        3.037       0.577 0.190           0.716       2.061       3.528
   Classical Deep Q-Learning  5        1.067       1.993 1.869           2.475      -0.975       3.128
              PennyLane QDPG  5        3.196       1.620 0.507           2.011       0.840       5.002
PennyLane Quantum Q-Learning  5        2.787       1.251 0.449           1.554       0.940       4.124

CV = std/|mean|: >0.5 means the single-seed headline is not representative.
